data/runs/f3a12aaf-4672-44fd-b6c0-2ef70cd17843/panel.csv
t,firm_id,price,cost,quantity,profit
0,0,3.0,1.0,2500.0,5000.0
1,0,2.9028768673806837,0.9028768673806837,2592.5879364046077,5185.175872809215
2,0,3.0777591124311843,1.0777591124311843,2456.7391034599264,4913.478206919853
3,0,3.0210801161989203,1.0210801161989205,2542.903327662293,5085.806655324585
4,0,2.9882294924270916,0.9882294924270915,2594.3890274475657,5188.778054895131
5,0,2.9584254709115014,0.9584254709115013,2580.5386091916653,5161.077218383331
6,0,2.9657843125451064,0.9657843125451063,2546.395614623644,5092.791229247288
7,0,2.842275769714246,0.842275769714246,2682.7978525643443,5365.595705128689
8,0,2.729004861938564,0.7290048619385637,2797.3001149701686,5594.600229940337
9,0,2.694889862569461,0.6948898625694612,2890.7100738454883,5781.420147690977
10,0,2.832458140898586,0.8324581408985862,2808.2559308506693,5616.511861701339
11,0,2.774776118323564,0.7747761183235639,2870.733484797011,5741.466969594022
12,0,2.719908026004883,0.719908026004883,2852.9648039990348,5705.9296079980695
13,0,2.6430670579408493,0.6430670579408494,2884.381296810186,5768.762593620372
14,0,2.529298755060295,0.529298755060295,2900.336724409682,5800.673448819364
15,0,2.426223931253272,0.42622393125327224,3045.2414661256107,6090.4829322512205
16,0,2.4255765315953717,0.4255765315953717,3049.5453872016055,6099.090774403211
17,0,2.478386599445235,0.4783865994452353,2986.108022240093,5972.216044480186
18,0,2.622726658936857,0.6227266589368572,2857.8831903566233,5715.766380713247
19,0,2.595155773483336,0.5951557734833363,2863.081178827389,5726.162357654778
20,0,2.561770072495948,0.5617700724959478,2926.9978099919676,5853.995619983935
21,0,2.5005501541545465,0.5005501541545464,2901.611311041855,5803.22262208371
22,0,2.569488101641231,0.5694881016412311,2897.774868919218,5795.549737838436
23,0,2.5725866140794835,0.5725866140794833,2926.051868199712,5852.103736399424
24,0,2.440294311136755,0.4402943111367552,3035.7786523401032,6071.5573046802065
25,0,2.3666102894545276,0.3666102894545278,3086.556261122254,6173.112522244507
26,0,2.4074229939003513,0.4074229939003512,3092.8355855343757,6185.671171068751
27,0,2.529321724156557,0.529321724156557,3004.8715269829663,6009.743053965933
28,0,2.4964589719883667,0.4964589719883668,3019.1029018171885,6038.205803634377
29,0,2.3722301145855815,0.37223011458558136,3086.3579564169327,6172.715912833865
30,0,2.38593841126679,0.3859384112667896,3132.1101491370105,6264.220298274021
31,0,2.386058192427777,0.38605819242777706,3214.431895301276,6428.863790602552
32,0,2.5949300317201347,0.5949300317201345,3035.5225275196744,6071.045055039349
33,0,2.6222504062639946,0.6222504062639945,2957.7375983604893,5915.475196720979
34,0,2.520897909018244,0.5208979090182441,2959.8940176873093,5919.788035374619
35,0,2.619072435458718,0.619072435458718,2873.946042555267,5747.892085110534
36,0,2.435445490566975,0.43544549056697507,3040.568218538556,6081.136437077112
37,0,2.4007618657634837,0.4007618657634836,3120.812366765504,6241.624733531008
38,0,2.401626021497864,0.40162602149786436,3127.290235166914,6254.580470333827
39,0,2.3010702138480026,0.30107021384800253,3203.8412132427648,6407.6824264855295
40,0,2.273675807891309,0.2736758078913087,3257.1603167004605,6514.320633400921
41,0,2.1486654749864362,0.14866547498643626,3337.8638405582683,6675.727681116537
42,0,2.145522476546154,0.145522476546154,3368.41641827552,6736.832836551039
43,0,2.1472410501205803,0.1472410501205802,3441.844108925155,6883.68821785031
44,0,2.13652148762753,0.1365214876275302,3531.037411530718,7062.074823061435
45,0,2.145054252273069,0.14505425227306912,3521.335073135018,7042.670146270036
46,0,2.154668896729208,0.154668896729208,3544.531472234807,7089.062944469613
47,0,2.0424269610928905,0.042426961092890486,3638.0571888167105,7276.114377633421
48,0,2.0503000924439707,0.050300092443970684,3634.5241464442233,7269.048292888447
49,0,2.0,0.0,3644.8053036341676,7289.610607268335
50,0,2.0,0.0,3694.0075042407684,7388.015008481537
51,0,2.0,0.0,3686.4768990358925,7372.953798071785
52,0,2.0,0.0,3701.2245601077593,7402.449120215519
53,0,2.0721725093317414,0.07217250933174145,3669.9686009012066,7339.937201802413
54,0,2.0863101832339273,0.0863101832339272,3602.77088480522,7205.54176961044
55,0,2.028803137833265,0.028803137833265012,3603.1621378761656,7206.324275752331
56,0,2.1038174552466695,0.10381745524666938,3504.789688845124,7009.579377690248
57,0,2.0940298172786083,0.09402981727860832,3522.3399719594904,7044.679943918981
58,0,2.0908774139853437,0.09087741398534377,3499.381409137998,6998.762818275996
59,0,2.1116336637332638,0.11163366373326379,3472.48339509121,6944.96679018242
60,0,2.1227816206516588,0.12278162065165882,3469.8502899342566,6939.700579868513
61,0,2.184430516608419,0.1844305166084191,3377.797243323156,6755.594486646312
62,0,2.0773679210304716,0.0773679210304715,3435.9134250599705,6871.826850119941
63,0,2.27963666166365,0.27963666166365025,3348.3278602004852,6696.65572040097
64,0,2.251595089603864,0.2515950896038639,3357.193725091318,6714.387450182636
65,0,2.293815959794503,0.29381595979450303,3392.324180350717,6784.648360701434
66,0,2.192005833557271,0.19200583355727108,3388.397212471234,6776.794424942468
67,0,2.174598452243135,0.17459845224313514,3388.06937096349,6776.1387419269795
68,0,2.1939931798922205,0.19399317989222045,3308.7724405425683,6617.544881085137
69,0,2.2460358948623673,0.24603589486236738,3218.4003716866596,6436.800743373319
70,0,2.162207344674965,0.16220734467496514,3236.622675473861,6473.245350947721
71,0,2.1012741185497825,0.10127411854978269,3309.39817360074,6618.796347201479
72,0,2.221677078573485,0.22167707857348512,3219.4815938797283,6438.963187759457
73,0,2.244424965112528,0.24442496511252826,3137.126045198913,6274.252090397825
74,0,2.1705912199692095,0.17059121996920945,3200.372269142836,6400.744538285672
75,0,2.0588549323687233,0.05885493236872312,3289.735226916351,6579.470453832702
76,0,2.009746229240825,0.009746229240824876,3285.5354287253463,6571.0708574506925
77,0,2.0387120107848737,0.03871201078487384,3344.5391250828766,6689.078250165753
78,0,2.137568504133961,0.13756850413396107,3271.043247419191,6542.086494838382
79,0,2.0744408519795843,0.07444085197958408,3290.0632621133595,6580.126524226719
80,0,2.2539393247201915,0.25393932472019165,3184.743714077541,6369.487428155082
81,0,2.1211930147755442,0.12119301477554428,3207.339473872174,6414.678947744348
82,0,2.0,0.0,3315.692783794205,6631.38556758841
83,0,2.0,0.0,3349.112551529622,6698.225103059244
84,0,2.005339558017722,0.0053395580177219345,3379.2310856991007,6758.4621713982015
85,0,2.048196963623587,0.04819696362358687,3357.4566780427726,6714.913356085545
86,0,2.0,0.0,3415.2946723836335,6830.589344767267
87,0,2.0175431713216776,0.01754317132167776,3423.09655975811,6846.193119516219
88,0,2.0,0.0,3392.248753545786,6784.497507091572
89,0,2.0730027392296018,0.07300273922960161,3337.3595738976746,6674.719147795349
90,0,2.0283800239914282,0.028380023991428076,3414.755620741524,6829.511241483048
91,0,2.0186126358222456,0.018612635822245795,3446.690375677403,6893.380751354805
92,0,2.044677214406552,0.04467721440655233,3390.7429598431177,6781.485919686234
93,0,2.106899185144024,0.1068991851440238,3343.440592121226,6686.881184242452
94,0,2.148421275785657,0.14842127578565706,3226.1922221211407,6452.384444242281
95,0,2.2755809273848007,0.27558092738480067,3150.282878457137,6300.565756914274
96,0,2.152558493663596,0.15255849366359597,3208.3283961611623,6416.656792322325
97,0,2.2556509652841963,0.25565096528419634,3169.2963868428033,6338.5927736856065
98,0,2.2615456801785916,0.2615456801785915,3133.93882702754,6267.87765405508
99,0,2.162118536564272,0.162118536564272,3192.4434220414873,6384.886844082975
0,1,3.0,1.0,2500.0,5000.0
1,1,2.9802700243813804,0.9802700243813802,2494.1799593838878,4988.3599187677755
2,1,2.928662783978886,0.928662783978886,2646.8839154070215,5293.767830814043
3,1,2.9340528922932085,0.9340528922932085,2655.996948205378,5311.993896410756
4,1,3.1713098709775878,1.1713098709775875,2367.443917730696,4734.887835461392
5,1,3.090249622588321,1.090249622588321,2415.9342482156103,4831.868496431221
6,1,2.929550290523119,0.9295502905231193,2592.949123899482,5185.898247798964
7,1,2.986914569741172,0.986914569741172,2495.6290577613695,4991.258115522739
8,1,3.0994737252515496,1.0994737252515496,2324.303154658261,4648.606309316522
9,1,3.181316322872903,1.181316322872903,2266.6182026143138,4533.2364052286275
10,1,3.215501137694142,1.215501137694142,2318.7821837874712,4637.5643675749425
11,1,3.291850661393854,1.291850661393854,2216.723700460522,4433.447400921044
12,1,3.222228689386603,1.2222286893866028,2219.3145877945,4438.629175589
13,1,3.260277879795942,1.260277879795942,2118.4930508458256,4236.986101691651
14,1,3.187631958089206,1.1876319580892056,2086.8593670424,4173.7187340848
15,1,3.2768671621675303,1.27686716216753,1990.2466619443478,3980.4933238886956
16,1,3.312152036107313,1.3121520361073131,1957.5716947395322,3915.143389479064
17,1,3.1946078888935507,1.1946078888935507,2087.276758470896,4174.553516941792
18,1,3.0926525725852034,1.0926525725852032,2259.44283732803,4518.88567465606
19,1,2.9979921666244818,0.9979921666244819,2340.770581765694,4681.541163531388
20,1,3.136753942256667,1.1367539422566673,2195.665796369486,4391.331592738971
21,1,3.048616544885596,1.0486165448855962,2206.1149157183772,4412.2298314367545
22,1,3.02597950346172,1.0259795034617196,2306.422113051679,4612.844226103358
23,1,3.075796728890941,1.0757967288909407,2275.1567967870055,4550.313593574011
24,1,3.1465128842702543,1.1465128842702543,2132.6357640987794,4265.271528197559
25,1,3.1311807528531834,1.1311807528531834,2105.958607828126,4211.917215656252
26,1,3.1865254225251505,1.1865254225251507,2094.9655745039804,4189.93114900796
27,1,3.1705030347147547,1.1705030347147547,2180.6961456896433,4361.392291379287
28,1,3.2067346406938766,1.2067346406938766,2116.623013597992,4233.246027195984
29,1,3.0849138504209366,1.0849138504209366,2161.1702836243303,4322.340567248661
30,1,3.212056507058706,1.2120565070587062,2072.2767841495934,4144.553568299187
31,1,3.3678780580507457,1.367878058050746,1967.454754981674,3934.9095099633473
32,1,3.2463605035153194,1.2463605035153191,2191.679929843642,4383.359859687284
33,1,3.0426612591578053,1.0426612591578053,2397.0030425462,4794.0060850924
34,1,2.966665201049896,0.9666652010498962,2368.530727844299,4737.061455688598
35,1,3.003820583266373,1.003820583266373,2371.0003133429145,4742.000626685829
36,1,3.097279007012396,1.097279007012396,2183.9335983228366,4367.867196645673
37,1,3.271139329000947,1.271139329000947,2019.6103772806318,4039.2207545612637
38,1,3.3412168149461063,1.3412168149461061,1954.9634415649914,3909.926883129983
39,1,3.4293039135724954,1.4293039135724954,1822.5445320596518,3645.0890641193037
40,1,3.5437120446650323,1.5437120446650323,1726.053569369638,3452.107138739276
41,1,3.611228473395464,1.6112284733954638,1606.486561529299,3212.973123058598
42,1,3.5748078382740838,1.5748078382740835,1648.3916377231874,3296.783275446375
43,1,3.7594728765151686,1.7594728765151684,1537.0907289733523,3074.1814579467045
44,1,3.918348510498527,1.918348510498527,1448.7168021997618,2897.4336043995236
45,1,3.858824099523728,1.8588240995237282,1494.7444805518562,2989.4889611037124
46,1,3.731777167118288,1.731777167118288,1610.9947579093541,3221.9895158187082
47,1,3.845942512146152,1.8459425121461521,1476.5259897213634,2953.051979442727
48,1,3.8434684692205385,1.8434684692205388,1482.7433772712095,2965.4867545424186
49,1,3.689914339609954,1.6899143396099539,1565.7199960782898,3131.4399921565796
50,1,3.849802220028905,1.8498022200289046,1464.9348979584208,2929.8697959168417
51,1,3.831548809251707,1.831548809251707,1475.3523275958705,2950.704655191741
52,1,3.8216314171638492,1.821631417163849,1488.6177703578269,2977.2355407156538
53,1,3.7655785347549138,1.765578534754914,1573.7795668369474,3147.5591336738944
54,1,3.78201433194532,1.7820143319453199,1543.1891708805192,3086.3783417610384
55,1,3.747797996377234,1.7477979963772339,1525.488066220583,3050.976132441166
56,1,3.5451399506797543,1.545139950679754,1704.8365956038651,3409.6731912077303
57,1,3.657139443815743,1.6571394438157434,1612.1532700559696,3224.306540111939
58,1,3.5843823411057283,1.584382341105728,1658.3676066715227,3316.7352133430454
59,1,3.5339915029496116,1.5339915029496116,1705.214815330758,3410.429630661516
60,1,3.6568874539524456,1.6568874539524454,1611.3277559596597,3222.6555119193195
61,1,3.5243335745149533,1.5243335745149535,1728.5316051378982,3457.063210275796
62,1,3.6061278361782585,1.6061278361782585,1599.8387610097861,3199.6775220195723
63,1,3.6142364554034025,1.6142364554034025,1718.0006091707587,3436.0012183415174
64,1,3.705811759313117,1.705811759313117,1622.5469228660004,3245.093845732001
65,1,3.7031472735151403,1.7031472735151403,1676.7369759658327,3353.4739519316654
66,1,3.371941056789415,1.371941056789415,1878.3418618633355,3756.683723726671
67,1,3.2942811772059297,1.29428117720593,1935.6029685405563,3871.205937081112
68,1,3.2150877510424216,1.2150877510424216,1985.8161158750904,3971.632231750181
69,1,3.156009225142637,1.1560092251426368,2041.9348045933502,4083.8696091867005
70,1,3.1362778109461393,1.1362778109461393,1988.7278618069429,3977.4557236138858
71,1,3.2745379683093923,1.2745379683093925,1840.6788196596826,3681.357639319365
72,1,3.342865620852302,1.3428656208523022,1837.904529100085,3675.80905820017
73,1,3.3228237019766835,1.3228237019766833,1829.6189847866856,3659.237969573371
74,1,3.195442857023648,1.195442857023648,1917.1530872957521,3834.3061745915043
75,1,3.234545664478899,1.2345456644788988,1827.5234007407691,3655.0468014815383
76,1,3.224422718342156,1.224422718342156,1789.9566221186897,3579.9132442373793
77,1,3.4323899000944524,1.4323899000944524,1666.107319586019,3332.214639172038
78,1,3.3023304001840366,1.3023304001840366,1827.0963667705307,3654.1927335410614
79,1,3.2597913759285495,1.2597913759285495,1818.8992878283195,3637.798575656639
80,1,3.089715983895915,1.089715983895915,2096.9491226605255,4193.898245321051
81,1,3.09544410197008,1.0954441019700798,1970.556963816753,3941.113927633506
82,1,3.26430249156128,1.26430249156128,1762.1159664317356,3524.2319328634712
83,1,3.4787688894899,1.4787688894899003,1598.892106564816,3197.7842131296316
84,1,3.569120602901857,1.5691206029018574,1546.1340773605987,3092.268154721197
85,1,3.5741033170438743,1.5741033170438743,1565.5396198581989,3131.0792397163978
86,1,3.7176230503980783,1.717623050398078,1446.9418377292056,2893.8836754584113
87,1,3.804891004592955,1.8048910045929552,1400.5592926817683,2801.118585363536
88,1,3.5870443409922963,1.5870443409922963,1534.1414062819558,3068.2828125639116
89,1,3.551355332199677,1.5513553321996771,1593.6128178086826,3187.2256356173652
90,1,3.5873517845635137,1.587351784563514,1566.149485065362,3132.2989701307233
91,1,3.7199965224870972,1.719996522487097,1472.147936916297,2944.295873832594
92,1,3.593458095509624,1.5934580955096238,1563.0806022128922,3126.1612044257845
93,1,3.557271775311156,1.557271775311156,1619.0087821343238,3238.017564268647
94,1,3.4131368079938498,1.4131368079938498,1714.197081788824,3428.394163577648
95,1,3.295342548956432,1.2953425489564323,1891.956427883302,3783.9128557666036
96,1,3.335444897715903,1.3354448977159028,1775.8991368082625,3551.798273616525
97,1,3.4042280955532105,1.4042280955532105,1784.6477166436541,3569.2954332873082
98,1,3.3264625054228723,1.3264625054228723,1840.1226223559156,3680.245244711831
99,1,3.313699584226774,1.3136995842267738,1794.9839183936688,3589.9678367873375
