data/runs/f3a12aaf-4672-44fd-b6c0-2ef70cd17843/panel.csv
t,firm_id,price,cost,quantity,profit
0,2,3.0,1.0,2500.0,5000.0
1,2,3.1245004161997207,1.1245004161997207,2320.6441678068963,4641.288335613793
2,2,3.2540191448176707,1.2540191448176707,2249.49306572603,4498.98613145206
3,2,3.3613181266477627,1.3613181266477627,2145.1027759269505,4290.205551853901
4,2,3.1078411584116017,1.1078411584116015,2443.7780273741723,4887.556054748345
5,2,3.084418332856142,1.084418332856142,2422.9885334010582,4845.9770668021165
6,2,3.1976044451374843,1.197604445137484,2267.706137577393,4535.412275154786
7,2,3.2955295271308236,1.2955295271308236,2138.775237109942,4277.550474219884
8,2,3.320524329177731,1.320524329177731,2081.096615401401,4162.193230802802
9,2,3.480224524794288,1.4802245247942876,1951.96164969471,3903.92329938942
10,2,3.4476097491216793,1.447609749121679,2064.7059545111897,4129.411909022379
11,2,3.456238569367036,1.4562385693670363,2041.8093299454551,4083.61865989091
12,2,3.3569385732630037,1.3569385732630035,2074.755804207431,4149.511608414862
13,2,3.265712411869701,1.2657124118697012,2112.7443555338014,4225.488711067603
14,2,3.1632393473094673,1.1632393473094675,2112.4671841382346,4224.934368276468
15,2,3.3494940920380554,1.3494940920380554,1919.2704058044317,3838.5408116088634
16,2,3.3267478405562265,1.3267478405562265,1943.3375308572577,3886.6750617145153
17,2,3.3404295874759717,1.3404295874759717,1940.5071970489191,3881.0143940978382
18,2,3.3119563187147616,1.3119563187147616,2024.7907819587238,4049.5815639174475
19,2,3.3807367496121272,1.3807367496121272,1933.0670605795283,3866.1341211590566
20,2,3.373718611211639,1.3737186112116386,1950.3385836465789,3900.6771672931577
21,2,3.2541476106979057,1.2541476106979057,1990.6624621979115,3981.324924395823
22,2,3.415743351416392,1.415743351416392,1898.0281491098851,3796.0562982197703
23,2,3.4650900435134853,1.4650900435134855,1872.739466813571,3745.4789336271415
24,2,3.4903212800022225,1.4903212800022225,1795.8069312210155,3591.613862442031
25,2,3.53499389966259,1.5349938996625896,1720.9288699273663,3441.8577398547327
26,2,3.581691621828576,1.581691621828576,1719.363254427268,3438.726508854536
27,2,3.5436230239560276,1.5436230239560276,1809.5608003444247,3619.1216006888494
28,2,3.4812343313947327,1.481234331394733,1845.1711827676306,3690.342365535261
29,2,3.6052258946014204,1.6052258946014206,1666.1138035418044,3332.2276070836083
30,2,3.651501163471776,1.6515011634717758,1663.502917576386,3327.005835152772
31,2,3.7767556773101325,1.7767556773101325,1603.681454415773,3207.362908831546
32,2,3.711061580809279,1.7110615808092786,1737.275015117008,3474.550030234016
33,2,3.7445776308281733,1.7445776308281733,1687.521760732821,3375.043521465642
34,2,3.6162527009086274,1.6162527009086276,1711.6812367810824,3423.3624735621643
35,2,3.466722955505616,1.466722955505616,1881.107601546551,3762.2152030931015
36,2,3.557600221737979,1.5576002217379792,1734.9299646000513,3469.859929200102
37,2,3.5705984947993366,1.5705984947993366,1738.7648891883603,3477.5297783767205
38,2,3.517019031099358,1.5170190310993583,1790.4560881011807,3580.912176202361
39,2,3.4880685255832335,1.4880685255832335,1769.7730414548184,3539.546082909637
40,2,3.5051849599863285,1.5051849599863283,1759.625797229441,3519.251594458882
41,2,3.477255320145724,1.4772553201457241,1717.7857573541648,3435.5715147083297
42,2,3.6160160259708283,1.6160160259708285,1614.775525725772,3229.5510514515436
43,2,3.7053924196588497,1.7053924196588497,1579.2210531763385,3158.442106352677
44,2,3.863215538439351,1.8632155384393512,1489.2083747388012,2978.4167494776025
45,2,3.902323305470224,1.902323305470224,1462.5853731781085,2925.170746356217
46,2,4.160841113551639,2.1608411135516388,1299.9422976210315,2599.884595242063
47,2,4.183268513956691,2.1832685139566914,1247.3596326452157,2494.7192652904314
48,2,4.187838105683779,2.187838105683779,1248.2083298403418,2496.416659680684
49,2,4.316374181253336,2.316374181253336,1144.6693966533742,2289.338793306748
50,2,4.339036805000883,2.339036805000883,1147.0500935600417,2294.1001871200833
51,2,4.326874878373429,2.3268748783734297,1151.6938743323433,2303.387748664686
52,2,4.410530673306105,2.4105306733061047,1108.9331094266547,2217.8662188533094
53,2,4.5070147424328315,2.507014742432831,1086.2832313606398,2172.56646272128
54,2,4.201400094673893,2.2014000946738927,1251.269059509041,2502.5381190180824
55,2,4.1172491202280845,2.117249120228084,1268.1876580270848,2536.37531605417
56,2,4.109652265081421,2.1096522650814213,1285.5840267058866,2571.168053411773
57,2,4.022220686349148,2.022220686349148,1343.1667860250493,2686.3335720500986
58,2,4.00643224285152,2.006432242851521,1342.8695750524819,2685.7391501049633
59,2,4.001433569742737,2.0014335697427366,1349.818394486822,2699.6367889736443
60,2,3.86929630306467,1.86929630306467,1448.971664171827,2897.943328343654
61,2,3.786893884857207,1.7868938848572073,1515.8739082157892,3031.747816431578
62,2,3.697576520404122,1.697576520404122,1528.334388870273,3056.668777740546
63,2,3.774956390501419,1.774956390501419,1585.3436704282701,3170.6873408565402
64,2,3.6564806130305154,1.6564806130305152,1663.0656269513636,3326.131253902727
65,2,3.875081645983433,1.8750816459834332,1538.614663332733,3077.229326665466
66,2,4.040134496491662,2.0401344964916617,1344.8637131941955,2689.7274263883915
67,2,4.108536670527643,2.108536670527643,1288.258289532465,2576.51657906493
68,2,3.91901041697326,1.91901041697326,1396.6390030397727,2793.2780060795453
69,2,3.7447210783881784,1.7447210783881784,1521.2644520333315,3042.528904066663
70,2,3.650267573004466,1.650267573004466,1538.026787245335,3076.05357449067
71,2,3.6305605047247838,1.6305605047247835,1540.524833138837,3081.049666277674
72,2,3.471830321401382,1.4718303214013821,1723.1322831404575,3446.264566280915
73,2,3.2514103825758847,1.2514103825758847,1896.1289248154876,3792.257849630975
74,2,3.4570366454732318,1.4570366454732318,1682.1023744185757,3364.2047488371513
75,2,3.50922332178477,1.5092233217847697,1593.0061454265283,3186.0122908530566
76,2,3.4006664234278303,1.4006664234278303,1638.972520430618,3277.945040861236
77,2,3.458114679483047,1.458114679483047,1644.8144302482274,3289.6288604964543
78,2,3.529624041805609,1.5296240418056086,1630.8171383910867,3261.6342767821734
79,2,3.5150298155226865,1.5150298155226865,1600.9741879449612,3201.9483758899223
80,2,3.7154948049743695,1.7154948049743695,1533.563449184392,3067.126898368784
81,2,3.4936988115829113,1.4936988115829115,1614.764088438899,3229.5281768777977
82,2,3.449219283333915,1.449219283333915,1606.4984659798547,3212.996931959709
83,2,3.3527456536402394,1.3527456536402396,1702.8827903759388,3405.765580751877
84,2,3.384794118793561,1.384794118793561,1695.4037512412,3390.8075024824
85,2,3.3864426601399593,1.3864426601399593,1719.5470240562552,3439.0940481125103
86,2,3.369010312542926,1.3690103125429263,1722.4688175035267,3444.937635007053
87,2,3.355694642646734,1.3556946426467338,1753.2475878020123,3506.4951756040246
88,2,3.4037788291740405,1.4037788291740407,1681.361086626474,3362.7221732529474
89,2,3.3851923830050143,1.3851923830050143,1731.6680343959683,3463.3360687919367
90,2,3.539167875442982,1.5391678754429823,1604.3392734515894,3208.6785469031784
91,2,3.5108027636109034,1.5108027636109036,1634.471311728896,3268.9426234577913
92,2,3.478649543884371,1.4786495438843714,1655.433478100872,3310.8669562017435
93,2,3.4665848754432043,1.4665848754432045,1694.1100336232237,3388.220067246447
94,2,3.2786619165289674,1.2786619165289674,1833.4184739688953,3666.8369479377907
95,2,3.3867006279083953,1.3867006279083953,1807.4778152024246,3614.955630404849
96,2,3.3002311354325737,1.3002311354325737,1807.444070869412,3614.888141738824
97,2,3.303576922709568,1.3035769227095677,1876.7595096707394,3753.5190193414787
98,2,3.2708582803229573,1.2708582803229571,1891.9997235890057,3783.9994471780115
99,2,3.2858766934109527,1.2858766934109525,1820.1292375233566,3640.258475046713
